// Jest Snapshot v1, https://goo.gl/fbAQLP

exports[`Component: Error Message error message component renders correctly 1`] = `null`;
