// Jest Snapshot v1, https://goo.gl/fbAQLP

exports[`Containers: Home should be render correctly 1`] = `
Array [
  <div
    className="Toastify"
  />,
  <section
    className="body"
  >
    <div
      className="sc-bdVaJa efNFrH"
    >
      <div
        className="sc-bwzfXH kaXCHS"
      >
        <button
          className="sc-htpNat gSFzgt"
          onClick={[Function]}
        >
          <div>
            <svg
              fill="currentColor"
              height={28}
              stroke="currentColor"
              strokeWidth="0"
              style={
                Object {
                  "color": undefined,
                }
              }
              viewBox="0 0 24 24"
              width={28}
              xmlns="http://www.w3.org/2000/svg"
            >
              <path
                d="M0 0h24v24H0V0z"
                fill="none"
              />
              <path
                d="M20 4H4c-1.1 0-1.99.9-1.99 2L2 18c0 1.1.9 2 2 2h16c1.1 0 2-.9 2-2V6c0-1.1-.9-2-2-2zm0 14H4V8l8 5 8-5v10zm-8-7L4 6h16l-8 5z"
              />
            </svg>
          </div>
          <div>
            Email
          </div>
        </button>
        <button
          className="sc-htpNat gJvYaN"
          onClick={[Function]}
        >
          <div>
            <svg
              fill="currentColor"
              height={28}
              stroke="currentColor"
              strokeWidth="0"
              style={
                Object {
                  "color": undefined,
                }
              }
              viewBox="0 0 24 24"
              width={28}
              xmlns="http://www.w3.org/2000/svg"
            >
              <path
                d="M0 0h24v24H0V0z"
                fill="none"
              />
              <path
                d="M20 2H4c-1.1 0-2 .9-2 2v18l4-4h14c1.1 0 2-.9 2-2V4c0-1.1-.9-2-2-2zm0 14H5.17L4 17.17V4h16v12zM7 9h2v2H7zm8 0h2v2h-2zm-4 0h2v2h-2z"
              />
            </svg>
          </div>
          <div>
            Sms
          </div>
        </button>
        <button
          className="sc-htpNat gJvYaN"
          onClick={[Function]}
        >
          <div>
            <svg
              fill="currentColor"
              height={28}
              stroke="currentColor"
              strokeWidth="0"
              style={
                Object {
                  "color": undefined,
                }
              }
              viewBox="0 0 24 24"
              width={28}
              xmlns="http://www.w3.org/2000/svg"
            >
              <path
                d="M0 0h24v24H0V0z"
                fill="none"
              />
              <path
                d="M18 16v-5c0-3.07-1.64-5.64-4.5-6.32V4c0-.83-.67-1.5-1.5-1.5s-1.5.67-1.5 1.5v.68C7.63 5.36 6 7.92 6 11v5l-2 2v1h16v-1l-2-2zm-5 0h-2v-2h2v2zm0-4h-2V8h2v4zm-1 10c1.1 0 2-.9 2-2h-4a2 2 0 002 2z"
              />
            </svg>
          </div>
          <div>
            Push
          </div>
        </button>
        <div
          className="sc-bxivhb fJVlpn"
          type="Email"
        />
      </div>
    </div>
    <div
      className="content"
    >
      <div
        className="text-center background"
      >
        <img
          alt="aia-logo-white"
          src={Object {}}
        />
      </div>
      <section
        className="content"
      >
        <label>
          Sample Templates
        </label>
        <div
          className="templateCategory"
        >
          <div
            className="card"
            onMouseEnter={[Function]}
            onMouseLeave={[Function]}
          >
            <div
              className="cardContent"
              style={
                Object {
                  "display": "block",
                }
              }
            >
              My Email Template
            </div>
            <div
              className="hiddenButton"
              style={
                Object {
                  "display": "none",
                }
              }
            >
              <div
                className="cardButton"
                data-testid="editTemplate"
                onClick={[Function]}
                style={
                  Object {
                    "height": "160px",
                  }
                }
              >
                Use Template
              </div>
            </div>
          </div>
        </div>
        <label>
          My Templates
        </label>
        <div
          className="templateCategory"
        >
          <div
            className="card"
            data-testid="createTemplate"
            onClick={[Function]}
          >
            <div
              className="cardContent"
            >
              <span
                aria-label="plus"
                className="anticon anticon-plus iconDesign"
                role="img"
              >
                <svg
                  aria-hidden="true"
                  data-icon="plus"
                  fill="currentColor"
                  focusable="false"
                  height="1em"
                  viewBox="64 64 896 896"
                  width="1em"
                >
                  <defs>
                    <style />
                  </defs>
                  <path
                    d="M482 152h60q8 0 8 8v704q0 8-8 8h-60q-8 0-8-8V160q0-8 8-8z"
                  />
                  <path
                    d="M176 474h672q8 0 8 8v60q0 8-8 8H176q-8 0-8-8v-60q0-8 8-8z"
                  />
                </svg>
              </span>
            </div>
          </div>
        </div>
      </section>
    </div>
  </section>,
]
`;
