// Jest Snapshot v1, https://goo.gl/fbAQLP

exports[`Component: Card card renders correctly 1`] = `null`;
